Graph build: 31072 microseconds
Search: 164 microseconds
top
hop
hot
Graph build: 487947 microseconds
Search: 224 microseconds
stop
slop
flop
flog
flag
Graph build: 1985259 microseconds
Search: 216 microseconds
clock
chock
shock
stock
stork
store
Search: 361 microseconds
store
stork
stock
shock
chock
clock
Graph build: 5489224 microseconds
Search: 31816 microseconds
ledges
lodges
lodged
logged
fogged
forged
forges
fortes
fort's
fore's
fare's
hare's
have's
havens
mavens
mavins
matins
mating
making
miking
piking
poking
Search: 19442 microseconds
poking
piking
miking
making
mating
matins
mavins
mavens
havens
have's
hare's
hart's
fart's
fort's
fortes
forges
forged
fogged
logged
lodged
lodges
ledges
Search: 295 microseconds
left
lift
life
lime
mime
Search: 1106 microseconds
Search: 693 microseconds
